EN half_adder NULL "F:/vhdl lab/adder/half_adder.vhd" sub00/vhpl00 1425305531
AR full_adder behavioral "F:/vhdl lab/adder/full_adder.vhd" sub00/vhpl03 1425306841
EN full_adder NULL "F:/vhdl lab/adder/full_adder.vhd" sub00/vhpl02 1425306840
AR half_adder behavioral "F:/vhdl lab/adder/half_adder.vhd" sub00/vhpl01 1425305532
